// Jest Snapshot v1, https://goo.gl/fbAQLP

exports[`matches snapshot 1`] = `
<DocumentFragment>
  <div
    class="sc-caXVBt gJpVKA register"
  >
    <div
      class="sc-hjriPb dWFijc"
    >
      <div
        class="sc-gUAEMC eoOTrv"
      >
        <h1
          class="sc-fWjsSh kVywhz"
        >
          Register
        </h1>
        <p
          class="sc-fHsOPI lcsjjZ"
        >
          Create your free account
        </p>
      </div>
      <form
        class="sc-gzzPqb gPOFHw register-form"
      >
        <label
          class="sc-gkJlnC juEHOj"
          for="username"
        >
          Username
        </label>
        <input
          class="sc-fmrZth gfnrlj"
          id="username"
          name="username"
          placeholder="Your username"
          type="username"
          value=""
        />
        <label
          class="sc-gkJlnC juEHOj"
          for="email"
        >
          Email
        </label>
        <input
          class="sc-fmrZth gfnrlj"
          id="email"
          name="email"
          placeholder="Your email"
          type="email"
          value=""
        />
        <label
          class="sc-gkJlnC juEHOj"
          for="password"
        >
          Password
        </label>
        <input
          class="sc-fmrZth gfnrlj"
          id="password"
          name="password"
          placeholder="Your password"
          type="password"
          value=""
        />
        <button
          class="sc-eXBvqI bsbuvm"
        >
          Register
        </button>
        <a
          href="/login"
        >
          Already have an account?
        </a>
      </form>
    </div>
  </div>
</DocumentFragment>
`;
